
> frontend@0.1.0 build
> next build

   ▲ Next.js 15.5.3
   - Environments: .env.local

   Creating an optimized production build ...
 ✓ Compiled successfully in 13.4s
   Linting and checking validity of types ...

./src/app/(main)/team-members/page.tsx
63:12  Warning: 'err' is defined but never used.  @typescript-eslint/no-unused-vars

./src/modules/admin/components/Project-mangement.tsx
30:12  Warning: 'totalItems' is assigned a value but never used.  @typescript-eslint/no-unused-vars
134:22  Warning: 'row' is defined but never used.  @typescript-eslint/no-unused-vars

./src/modules/admin/components/User-mangement.tsx
77:14  Warning: 'error' is defined but never used.  @typescript-eslint/no-unused-vars

./src/modules/admin/components/dashboard.tsx
3:10  Warning: 'useEffect' is defined but never used.  @typescript-eslint/no-unused-vars
4:8  Warning: 'api' is defined but never used.  @typescript-eslint/no-unused-vars
6:10  Warning: 'Activity' is defined but never used.  @typescript-eslint/no-unused-vars
6:34  Warning: 'Bell' is defined but never used.  @typescript-eslint/no-unused-vars
6:40  Warning: 'Calendar' is defined but never used.  @typescript-eslint/no-unused-vars
6:50  Warning: 'ChevronDown' is defined but never used.  @typescript-eslint/no-unused-vars
6:63  Warning: 'Code' is defined but never used.  @typescript-eslint/no-unused-vars
6:69  Warning: 'DollarSign' is defined but never used.  @typescript-eslint/no-unused-vars
6:119  Warning: 'Home' is defined but never used.  @typescript-eslint/no-unused-vars
6:145  Warning: 'Search' is defined but never used.  @typescript-eslint/no-unused-vars
6:153  Warning: 'Settings' is defined but never used.  @typescript-eslint/no-unused-vars

./src/modules/auth/components/home.tsx
17:17  Warning: 'data' is assigned a value but never used.  @typescript-eslint/no-unused-vars

./src/modules/auth/components/resetPassword.tsx
32:13  Warning: 'result' is assigned a value but never used.  @typescript-eslint/no-unused-vars
37:13  Warning: 'message' is assigned a value but never used.  @typescript-eslint/no-unused-vars

./src/modules/projects/components/application-page.tsx
20:25  Warning: 'data' is assigned a value but never used.  @typescript-eslint/no-unused-vars
39:18  Warning: 'err' is defined but never used.  @typescript-eslint/no-unused-vars
48:8  Warning: React Hook useEffect has a missing dependency: 'fetchApplications'. Either include it or remove the dependency array.  react-hooks/exhaustive-deps
62:18  Warning: 'err' is defined but never used.  @typescript-eslint/no-unused-vars
130:61  Warning: Using `<img>` could result in slower LCP and higher bandwidth. Consider using `<Image />` from `next/image` or a custom image loader to automatically optimize images. This may incur additional usage or cost from your provider. See: https://nextjs.org/docs/messages/no-img-element  @next/next/no-img-element
212:45  Warning: Using `<img>` could result in slower LCP and higher bandwidth. Consider using `<Image />` from `next/image` or a custom image loader to automatically optimize images. This may incur additional usage or cost from your provider. See: https://nextjs.org/docs/messages/no-img-element  @next/next/no-img-element

./src/modules/projects/components/contributor-meeting-page.tsx
41:5  Warning: 'projectName' is defined but never used.  @typescript-eslint/no-unused-vars

./src/modules/projects/components/create-project-page.tsx
94:25  Warning: 'fileUrl' is assigned a value but never used.  @typescript-eslint/no-unused-vars
182:19  Warning: 'response' is assigned a value but never used.  @typescript-eslint/no-unused-vars
209:45  Warning: Using `<img>` could result in slower LCP and higher bandwidth. Consider using `<Image />` from `next/image` or a custom image loader to automatically optimize images. This may incur additional usage or cost from your provider. See: https://nextjs.org/docs/messages/no-img-element  @next/next/no-img-element

./src/modules/projects/components/creator-dashboard-page.tsx
62:37  Warning: Using `<img>` could result in slower LCP and higher bandwidth. Consider using `<Image />` from `next/image` or a custom image loader to automatically optimize images. This may incur additional usage or cost from your provider. See: https://nextjs.org/docs/messages/no-img-element  @next/next/no-img-element

./src/modules/projects/components/creator-meeting-page.tsx
4:43  Warning: 'Copy' is defined but never used.  @typescript-eslint/no-unused-vars
53:5  Warning: 'projectName' is defined but never used.  @typescript-eslint/no-unused-vars

./src/modules/projects/components/edit-project-page.tsx
14:10  Warning: 'BaseProjectPayload' is defined but never used.  @typescript-eslint/no-unused-vars
215:45  Warning: Using `<img>` could result in slower LCP and higher bandwidth. Consider using `<Image />` from `next/image` or a custom image loader to automatically optimize images. This may incur additional usage or cost from your provider. See: https://nextjs.org/docs/messages/no-img-element  @next/next/no-img-element

./src/modules/projects/components/meeting-page.tsx
64:3  Warning: 'initialMeetings' is assigned a value but never used.  @typescript-eslint/no-unused-vars
134:6  Warning: React Hook useEffect has a missing dependency: 'setProject'. Either include it or remove the dependency array.  react-hooks/exhaustive-deps
139:6  Warning: React Hook useEffect has a missing dependency: 'fetchMeetings'. Either include it or remove the dependency array.  react-hooks/exhaustive-deps
143:6  Warning: React Hook useEffect has a missing dependency: 'fetchMeetings'. Either include it or remove the dependency array.  react-hooks/exhaustive-deps

./src/modules/projects/components/my-projects.page.tsx
38:22  Warning: 'err' is defined but never used.  @typescript-eslint/no-unused-vars

./src/modules/projects/components/project-detail-page.tsx
68:15  Warning: Using `<img>` could result in slower LCP and higher bandwidth. Consider using `<Image />` from `next/image` or a custom image loader to automatically optimize images. This may incur additional usage or cost from your provider. See: https://nextjs.org/docs/messages/no-img-element  @next/next/no-img-element
118:19  Warning: Using `<img>` could result in slower LCP and higher bandwidth. Consider using `<Image />` from `next/image` or a custom image loader to automatically optimize images. This may incur additional usage or cost from your provider. See: https://nextjs.org/docs/messages/no-img-element  @next/next/no-img-element

./src/modules/projects/components/project-listing-page.tsx
79:16  Warning: 'error' is defined but never used.  @typescript-eslint/no-unused-vars
109:5  Warning: 'showCustomInput' is assigned a value but never used.  @typescript-eslint/no-unused-vars
457:27  Warning: Using `<img>` could result in slower LCP and higher bandwidth. Consider using `<Image />` from `next/image` or a custom image loader to automatically optimize images. This may incur additional usage or cost from your provider. See: https://nextjs.org/docs/messages/no-img-element  @next/next/no-img-element

./src/modules/projects/components/team-members-page.tsx
142:25  Warning: 'data' is assigned a value but never used.  @typescript-eslint/no-unused-vars
211:19  Warning: 'message' is assigned a value but never used.  @typescript-eslint/no-unused-vars
222:18  Warning: 'err' is defined but never used.  @typescript-eslint/no-unused-vars

./src/modules/projects/components/video-call-component.tsx
18:12  Warning: 'localStream' is assigned a value but never used.  @typescript-eslint/no-unused-vars
24:12  Warning: 'remoteVideoStates' is assigned a value but never used.  @typescript-eslint/no-unused-vars
25:12  Warning: 'remoteAudioStates' is assigned a value but never used.  @typescript-eslint/no-unused-vars

./src/modules/tasks/components/contributor/contributor-dashboard-page.tsx
84:16  Warning: 'err' is defined but never used.  @typescript-eslint/no-unused-vars
101:10  Warning: 'projectData' is assigned a value but never used.  @typescript-eslint/no-unused-vars

./src/modules/tasks/components/contributor/dashboard-done-tab.tsx
12:42  Warning: 'getAssigneeName' is defined but never used.  @typescript-eslint/no-unused-vars

./src/modules/tasks/components/contributor/dashboard-inProgress-tab.tsx
15:5  Warning: 'getAssigneeName' is defined but never used.  @typescript-eslint/no-unused-vars

./src/modules/tasks/components/contributor/dashboard-todo-tab.tsx
3:15  Warning: 'EyeOff' is defined but never used.  @typescript-eslint/no-unused-vars
3:23  Warning: 'Play' is defined but never used.  @typescript-eslint/no-unused-vars

./src/modules/tasks/components/create-task-page.tsx
54:5  Warning: 'trigger' is assigned a value but never used.  @typescript-eslint/no-unused-vars
69:9  Warning: 'watchPayment' is assigned a value but never used.  @typescript-eslint/no-unused-vars
167:16  Warning: 'err' is defined but never used.  @typescript-eslint/no-unused-vars
200:28  Warning: '_' is assigned a value but never used.  @typescript-eslint/no-unused-vars

./src/modules/tasks/components/task-listing-page.tsx
5:53  Warning: 'FileText' is defined but never used.  @typescript-eslint/no-unused-vars
5:63  Warning: 'X' is defined but never used.  @typescript-eslint/no-unused-vars
5:66  Warning: 'Download' is defined but never used.  @typescript-eslint/no-unused-vars
5:76  Warning: 'ExternalLink' is defined but never used.  @typescript-eslint/no-unused-vars
45:9  Warning: 'searchParams' is assigned a value but never used.  @typescript-eslint/no-unused-vars
67:10  Warning: 'reassignMember' is assigned a value but never used.  @typescript-eslint/no-unused-vars
68:10  Warning: 'showReassignDropdown' is assigned a value but never used.  @typescript-eslint/no-unused-vars
126:11  Warning: 'load' is assigned a value but never used.  @typescript-eslint/no-unused-vars
128:15  Warning: 'res' is assigned a value but never used.  @typescript-eslint/no-unused-vars

./src/modules/user/components/edit-userProfile-page.tsx
17:23  Warning: 'fileUrl' is assigned a value but never used.  @typescript-eslint/no-unused-vars
141:23  Warning: Using `<img>` could result in slower LCP and higher bandwidth. Consider using `<Image />` from `next/image` or a custom image loader to automatically optimize images. This may incur additional usage or cost from your provider. See: https://nextjs.org/docs/messages/no-img-element  @next/next/no-img-element

./src/modules/user/components/user-profle-page.tsx
3:10  Warning: 'useEffect' is defined but never used.  @typescript-eslint/no-unused-vars
10:3  Warning: 'PlusCircle' is defined but never used.  @typescript-eslint/no-unused-vars
13:3  Warning: 'GitBranch' is defined but never used.  @typescript-eslint/no-unused-vars
17:8  Warning: 'api' is defined but never used.  @typescript-eslint/no-unused-vars
35:26  Warning: 'error' is assigned a value but never used.  @typescript-eslint/no-unused-vars
75:23  Warning: Using `<img>` could result in slower LCP and higher bandwidth. Consider using `<Image />` from `next/image` or a custom image loader to automatically optimize images. This may incur additional usage or cost from your provider. See: https://nextjs.org/docs/messages/no-img-element  @next/next/no-img-element

./src/shared/common/admin-common/Header.tsx
76:19  Warning: Using `<img>` could result in slower LCP and higher bandwidth. Consider using `<Image />` from `next/image` or a custom image loader to automatically optimize images. This may incur additional usage or cost from your provider. See: https://nextjs.org/docs/messages/no-img-element  @next/next/no-img-element

./src/shared/common/user-common/Creator-header.tsx
58:25  Warning: Using `<img>` could result in slower LCP and higher bandwidth. Consider using `<Image />` from `next/image` or a custom image loader to automatically optimize images. This may incur additional usage or cost from your provider. See: https://nextjs.org/docs/messages/no-img-element  @next/next/no-img-element

./src/shared/common/user-common/Creator-sidebar.tsx
3:47  Warning: 'Megaphone' is defined but never used.  @typescript-eslint/no-unused-vars
3:58  Warning: 'User' is defined but never used.  @typescript-eslint/no-unused-vars

./src/shared/common/user-common/Footer.tsx
53:3  Warning: 'brandName' is assigned a value but never used.  @typescript-eslint/no-unused-vars

./src/shared/common/user-common/Header.tsx
35:22  Warning: 'setLoggingOut' is assigned a value but never used.  @typescript-eslint/no-unused-vars
147:23  Warning: Using `<img>` could result in slower LCP and higher bandwidth. Consider using `<Image />` from `next/image` or a custom image loader to automatically optimize images. This may incur additional usage or cost from your provider. See: https://nextjs.org/docs/messages/no-img-element  @next/next/no-img-element

./src/shared/common/user-common/contributor-common/ContributorHeader.tsx
59:25  Warning: Using `<img>` could result in slower LCP and higher bandwidth. Consider using `<Image />` from `next/image` or a custom image loader to automatically optimize images. This may incur additional usage or cost from your provider. See: https://nextjs.org/docs/messages/no-img-element  @next/next/no-img-element

./src/shared/common/user-common/task-details-panel.tsx
13:3  Warning: 'Send' is defined but never used.  @typescript-eslint/no-unused-vars
59:3  Warning: 'assignees' is defined but never used.  @typescript-eslint/no-unused-vars
63:3  Warning: 'onReassign' is defined but never used.  @typescript-eslint/no-unused-vars
83:9  Warning: 'isApproved' is assigned a value but never used.  @typescript-eslint/no-unused-vars
126:6  Warning: React Hook useEffect has a missing dependency: 'task'. Either include it or remove the dependency array.  react-hooks/exhaustive-deps
179:86  Warning: 'StatusIcon' is assigned a value but never used.  @typescript-eslint/no-unused-vars

info  - Need to disable some ESLint rules? Learn more here: https://nextjs.org/docs/app/api-reference/config/eslint#disabling-rules
   Collecting page data ...
   Generating static pages (0/31) ...
 ⨯ useSearchParams() should be wrapped in a suspense boundary at page "/create-task". Read more: https://nextjs.org/docs/messages/missing-suspense-with-csr-bailout
    at g (/home/arunjith/Desktop/DevCollab/frontend/.next/server/chunks/3087.js:1:103767)
    at m (/home/arunjith/Desktop/DevCollab/frontend/.next/server/chunks/3087.js:185:14532)
    at t (/home/arunjith/Desktop/DevCollab/frontend/.next/server/app/(main)/create-task/page.js:1:747)
    at n3 (/home/arunjith/Desktop/DevCollab/frontend/node_modules/next/dist/compiled/next-server/app-page.runtime.prod.js:2:82831)
    at n6 (/home/arunjith/Desktop/DevCollab/frontend/node_modules/next/dist/compiled/next-server/app-page.runtime.prod.js:2:84601)
    at n6 (/home/arunjith/Desktop/DevCollab/frontend/node_modules/next/dist/compiled/next-server/app-page.runtime.prod.js:2:101560)
    at n5 (/home/arunjith/Desktop/DevCollab/frontend/node_modules/next/dist/compiled/next-server/app-page.runtime.prod.js:2:104801)
    at n7 (/home/arunjith/Desktop/DevCollab/frontend/node_modules/next/dist/compiled/next-server/app-page.runtime.prod.js:2:102219)
    at ia (/home/arunjith/Desktop/DevCollab/frontend/node_modules/next/dist/compiled/next-server/app-page.runtime.prod.js:2:108211)
    at ie (/home/arunjith/Desktop/DevCollab/frontend/node_modules/next/dist/compiled/next-server/app-page.runtime.prod.js:2:106833)
Error occurred prerendering page "/create-task". Read more: https://nextjs.org/docs/messages/prerender-error
Export encountered an error on /(main)/create-task/page: /create-task, exiting the build.
 ⨯ Next.js build worker exited with code: 1 and signal: null
